../../Drivers/STM32WB0x_HAL_Driver/Inc/stm32wb0x_ll_pwr.h:485:22:LL_PWR_SetPowerMode	16	static
../../Drivers/STM32WB0x_HAL_Driver/Inc/stm32wb0x_ll_pwr.h:747:22:LL_PWR_DisableGPIORET	8	static
../../Drivers/STM32WB0x_HAL_Driver/Inc/stm32wb0x_ll_pwr.h:1840:22:LL_PWR_ClearWakeupSource	16	static
../../Drivers/STM32WB0x_HAL_Driver/Inc/stm32wb0x_ll_pwr.h:2289:26:LL_PWR_IsActiveFlag_REGLPS	8	static
../../Drivers/STM32WB0x_HAL_Driver/Inc/stm32wb0x_ll_pwr.h:2723:22:LL_PWR_SetNoPullB	16	static
../../Drivers/STM32WB0x_HAL_Driver/Inc/stm32wb0x_ll_rcc.h:508:26:LL_RCC_HSE_IsReady	8	static
../../Drivers/STM32WB0x_HAL_Driver/Inc/stm32wb0x_ll_rcc.h:722:22:LL_RCC_DIRECT_HSE_Enable	16	static,ignoring_inline_asm
../../Drivers/STM32WB0x_HAL_Driver/Inc/stm32wb0x_ll_rcc.h:750:26:LL_RCC_DIRECT_HSE_IsEnabled	8	static
../../Drivers/STM32WB0x_HAL_Driver/Inc/stm32wb0x_ll_rcc.h:864:22:LL_RCC_LSE_Enable	8	static
../../Drivers/STM32WB0x_HAL_Driver/Inc/stm32wb0x_ll_rcc.h:884:26:LL_RCC_LSE_IsEnabled	8	static
../../Drivers/STM32WB0x_HAL_Driver/Inc/stm32wb0x_ll_rcc.h:894:26:LL_RCC_LSE_IsReady	8	static
../../Drivers/STM32WB0x_HAL_Driver/Inc/stm32wb0x_ll_rcc.h:972:22:LL_RCC_LSI_Enable	8	static
../../Drivers/STM32WB0x_HAL_Driver/Inc/stm32wb0x_ll_rcc.h:992:26:LL_RCC_LSI_IsEnabled	8	static
../../Drivers/STM32WB0x_HAL_Driver/Inc/stm32wb0x_ll_rcc.h:1002:26:LL_RCC_LSI_IsReady	8	static
../../Drivers/STM32WB0x_HAL_Driver/Inc/stm32wb0x_ll_rcc.h:1520:22:LL_RCC_RC64MPLL_Disable	8	static
../../Drivers/STM32WB0x_HAL_Driver/Inc/stm32wb0x_ll_bus.h:659:26:LL_APB2_GRP1_IsEnabledClock	16	static
C:/STM32_Projects/Modbus_requeest/BLE_p2pServer/Projects/Common/BLE/Interfaces/stm32_lpm_if.c:99:6:PWR_EnterOffMode	32	static
C:/STM32_Projects/Modbus_requeest/BLE_p2pServer/Projects/Common/BLE/Interfaces/stm32_lpm_if.c:160:6:PWR_ExitOffMode	24	static
C:/STM32_Projects/Modbus_requeest/BLE_p2pServer/Projects/Common/BLE/Interfaces/stm32_lpm_if.c:232:6:PWR_EnterStopMode	32	static
C:/STM32_Projects/Modbus_requeest/BLE_p2pServer/Projects/Common/BLE/Interfaces/stm32_lpm_if.c:294:6:PWR_ExitStopMode	24	static
C:/STM32_Projects/Modbus_requeest/BLE_p2pServer/Projects/Common/BLE/Interfaces/stm32_lpm_if.c:339:6:PWR_EnterSleepMode	8	static
C:/STM32_Projects/Modbus_requeest/BLE_p2pServer/Projects/Common/BLE/Interfaces/stm32_lpm_if.c:347:6:PWR_ExitSleepMode	8	static
