../../Drivers/CMSIS/Include/core_cm0plus.h:987:34:__NVIC_SystemReset	8	static,ignoring_inline_asm
C:/STM32_Projects/Modbus_requeest/BLE_p2pServer/STM32_BLE/App/app_ble.c:216:6:ModulesInit	8	static
C:/STM32_Projects/Modbus_requeest/BLE_p2pServer/STM32_BLE/App/app_ble.c:225:6:BLE_Init	120	static
C:/STM32_Projects/Modbus_requeest/BLE_p2pServer/STM32_BLE/App/app_ble.c:446:6:BLEStack_Process_Schedule	8	static
C:/STM32_Projects/Modbus_requeest/BLE_p2pServer/STM32_BLE/App/app_ble.c:452:13:BLEStack_Process	8	static
C:/STM32_Projects/Modbus_requeest/BLE_p2pServer/STM32_BLE/App/app_ble.c:460:6:VTimer_Process	8	static
C:/STM32_Projects/Modbus_requeest/BLE_p2pServer/STM32_BLE/App/app_ble.c:465:6:VTimer_Process_Schedule	8	static
C:/STM32_Projects/Modbus_requeest/BLE_p2pServer/STM32_BLE/App/app_ble.c:469:6:NVM_Process	8	static
C:/STM32_Projects/Modbus_requeest/BLE_p2pServer/STM32_BLE/App/app_ble.c:474:6:NVM_Process_Schedule	8	static
C:/STM32_Projects/Modbus_requeest/BLE_p2pServer/STM32_BLE/App/app_ble.c:480:6:HAL_RADIO_TIMER_TxRxWakeUpCallback	8	static
C:/STM32_Projects/Modbus_requeest/BLE_p2pServer/STM32_BLE/App/app_ble.c:486:6:HAL_RADIO_TIMER_CpuWakeUpCallback	8	static
C:/STM32_Projects/Modbus_requeest/BLE_p2pServer/STM32_BLE/App/app_ble.c:492:6:HAL_RADIO_TxRxCallback	16	static
C:/STM32_Projects/Modbus_requeest/BLE_p2pServer/STM32_BLE/App/app_ble.c:500:6:BLE_STACK_ProcessRequest	8	static
C:/STM32_Projects/Modbus_requeest/BLE_p2pServer/STM32_BLE/App/app_ble.c:506:6:APP_BLE_Init	24	static
C:/STM32_Projects/Modbus_requeest/BLE_p2pServer/STM32_BLE/App/app_ble.c:575:6:BLEEVT_App_Notification	120	static
C:/STM32_Projects/Modbus_requeest/BLE_p2pServer/STM32_BLE/App/app_ble.c:901:13:connection_complete_event	48	static
C:/STM32_Projects/Modbus_requeest/BLE_p2pServer/STM32_BLE/App/app_ble.c:962:22:APP_BLE_Get_Server_Connection_Status	8	static
C:/STM32_Projects/Modbus_requeest/BLE_p2pServer/STM32_BLE/App/app_ble.c:967:6:APP_BLE_Procedure_Gap_General	40	static
C:/STM32_Projects/Modbus_requeest/BLE_p2pServer/STM32_BLE/App/app_ble.c:1055:6:APP_BLE_Procedure_Gap_Peripheral	104	static
C:/STM32_Projects/Modbus_requeest/BLE_p2pServer/STM32_BLE/App/app_ble.c:1256:13:gap_cmd_resp_release	8	static
C:/STM32_Projects/Modbus_requeest/BLE_p2pServer/STM32_BLE/App/app_ble.c:1262:13:gap_cmd_resp_wait	8	static
C:/STM32_Projects/Modbus_requeest/BLE_p2pServer/STM32_BLE/App/app_ble.c:1269:13:Adv_Cancel_Req	16	static
C:/STM32_Projects/Modbus_requeest/BLE_p2pServer/STM32_BLE/App/app_ble.c:1276:13:Switch_OFF_GPIO	16	static
C:/STM32_Projects/Modbus_requeest/BLE_p2pServer/STM32_BLE/App/app_ble.c:1282:13:Adv_Cancel	8	static
C:/STM32_Projects/Modbus_requeest/BLE_p2pServer/STM32_BLE/App/app_ble.c:1292:13:fill_advData	40	static
C:/STM32_Projects/Modbus_requeest/BLE_p2pServer/STM32_BLE/App/app_ble.c:1365:6:APPE_Button1Action	8	static
C:/STM32_Projects/Modbus_requeest/BLE_p2pServer/STM32_BLE/App/app_ble.c:1381:6:APPE_Button2Action	24	static
C:/STM32_Projects/Modbus_requeest/BLE_p2pServer/STM32_BLE/App/app_ble.c:1407:6:APPE_Button3Action	8	static
