C:/STM32_Projects/Modbus_requeest/BLE_p2pServer/STM32_BLE/App/p2p_server_app.c:101:6:P2P_SERVER_Notification	16	static
C:/STM32_Projects/Modbus_requeest/BLE_p2pServer/STM32_BLE/App/p2p_server_app.c:163:6:P2P_SERVER_APP_EvtRx	16	static
C:/STM32_Projects/Modbus_requeest/BLE_p2pServer/STM32_BLE/App/p2p_server_app.c:201:6:P2P_SERVER_APP_Init	8	static
C:/STM32_Projects/Modbus_requeest/BLE_p2pServer/STM32_BLE/App/p2p_server_app.c:219:6:P2P_SERVER_APP_LED_BUTTON_context_Init	8	static
C:/STM32_Projects/Modbus_requeest/BLE_p2pServer/STM32_BLE/App/p2p_server_app.c:236:13:P2P_SERVER_Switch_c_SendNotification	24	static
