../../Drivers/CMSIS/Include/core_cm0plus.h:741:22:__NVIC_EnableIRQ	16	static,ignoring_inline_asm
../../Drivers/CMSIS/Include/core_cm0plus.h:850:22:__NVIC_SetPriority	24	static
../../Drivers/STM32WB0x_HAL_Driver/Inc/stm32wb0x_ll_usart.h:3512:22:LL_USART_EnableIT_RXNE_RXFNE	32	static,ignoring_inline_asm
C:/STM32_Projects/Modbus_requeest/BLE_p2pServer/Core/Src/app_entry.c:115:10:MX_APPE_Init	32	static
C:/STM32_Projects/Modbus_requeest/BLE_p2pServer/Core/Src/app_entry.c:182:9:APPE_ButtonIsLongPressed	32	static
C:/STM32_Projects/Modbus_requeest/BLE_p2pServer/Core/Src/app_entry.c:203:13:APPE_Button1Action	8	static
C:/STM32_Projects/Modbus_requeest/BLE_p2pServer/Core/Src/app_entry.c:212:13:APPE_Button2Action	8	static
C:/STM32_Projects/Modbus_requeest/BLE_p2pServer/Core/Src/app_entry.c:221:13:APPE_Button3Action	8	static
C:/STM32_Projects/Modbus_requeest/BLE_p2pServer/Core/Src/app_entry.c:234:24:App_PowerSaveLevel_Check	16	static
C:/STM32_Projects/Modbus_requeest/BLE_p2pServer/Core/Src/app_entry.c:247:13:Led_Init	8	static
C:/STM32_Projects/Modbus_requeest/BLE_p2pServer/Core/Src/app_entry.c:261:13:Button_Init	16	static
C:/STM32_Projects/Modbus_requeest/BLE_p2pServer/Core/Src/app_entry.c:297:13:Button_TriggerActions	24	static
C:/STM32_Projects/Modbus_requeest/BLE_p2pServer/Core/Src/app_entry.c:324:13:RxUART_Init	8	static
C:/STM32_Projects/Modbus_requeest/BLE_p2pServer/Core/Src/app_entry.c:337:6:UartRxCpltCallback	16	static
C:/STM32_Projects/Modbus_requeest/BLE_p2pServer/Core/Src/app_entry.c:360:13:UartCmdExecute	8	static
C:/STM32_Projects/Modbus_requeest/BLE_p2pServer/Core/Src/app_entry.c:424:6:MX_APPE_Process	8	static
C:/STM32_Projects/Modbus_requeest/BLE_p2pServer/Core/Src/app_entry.c:434:6:UTIL_SEQ_PreIdle	8	static
C:/STM32_Projects/Modbus_requeest/BLE_p2pServer/Core/Src/app_entry.c:444:6:UTIL_SEQ_Idle	96	static,ignoring_inline_asm
C:/STM32_Projects/Modbus_requeest/BLE_p2pServer/Core/Src/app_entry.c:502:6:BSP_PB_Callback	16	static
C:/STM32_Projects/Modbus_requeest/BLE_p2pServer/Core/Src/app_entry.c:511:6:HAL_PWR_WKUPx_Callback	16	static
C:/STM32_Projects/Modbus_requeest/BLE_p2pServer/Core/Src/app_entry.c:537:6:HAL_GPIO_EXTI_Callback	16	static
