../../Drivers/STM32WB0x_HAL_Driver/Inc/stm32wb0x_ll_radio_timer.h:325:26:LL_RADIO_TIMER_GetAbsoluteTime	1
../../Drivers/STM32WB0x_HAL_Driver/Inc/stm32wb0x_ll_bus.h:229:22:LL_AHB1_GRP1_EnableClock	1
../../Drivers/STM32WB0x_HAL_Driver/Inc/stm32wb0x_ll_bus.h:642:22:LL_APB2_GRP1_EnableClock	1
../../Drivers/STM32WB0x_HAL_Driver/Inc/stm32wb0x_ll_bus.h:659:26:LL_APB2_GRP1_IsEnabledClock	2
../../Drivers/STM32WB0x_HAL_Driver/Inc/stm32wb0x_ll_bus.h:685:22:LL_APB2_GRP1_ForceReset	1
../../Drivers/STM32WB0x_HAL_Driver/Inc/stm32wb0x_ll_bus.h:698:22:LL_APB2_GRP1_ReleaseReset	1
C:/STM32_Projects/Modbus_requeest/BLE_p2pServer/Core/Src/main.c:74:5:main	1
C:/STM32_Projects/Modbus_requeest/BLE_p2pServer/Core/Src/main.c:128:6:SystemClock_Config	3
C:/STM32_Projects/Modbus_requeest/BLE_p2pServer/Core/Src/main.c:159:6:PeriphCommonClock_Config	2
C:/STM32_Projects/Modbus_requeest/BLE_p2pServer/Core/Src/main.c:179:13:MX_LPUART1_UART_Init	4
C:/STM32_Projects/Modbus_requeest/BLE_p2pServer/Core/Src/main.c:222:6:MX_USART1_UART_Init	5
C:/STM32_Projects/Modbus_requeest/BLE_p2pServer/Core/Src/main.c:270:13:MX_PKA_Init	2
C:/STM32_Projects/Modbus_requeest/BLE_p2pServer/Core/Src/main.c:296:13:MX_RADIO_Init	2
C:/STM32_Projects/Modbus_requeest/BLE_p2pServer/Core/Src/main.c:331:13:MX_RADIO_TIMER_Init	3
C:/STM32_Projects/Modbus_requeest/BLE_p2pServer/Core/Src/main.c:370:13:MX_GPIO_Init	1
C:/STM32_Projects/Modbus_requeest/BLE_p2pServer/Core/Src/main.c:394:6:Error_Handler	1
