../../Drivers/STM32WB0x_HAL_Driver/Inc/stm32wb0x_ll_usart.h:3023:26:LL_USART_IsActiveFlag_RXNE_RXFNE	16	static
../../Drivers/STM32WB0x_HAL_Driver/Inc/stm32wb0x_ll_usart.h:4297:25:LL_USART_ReceiveData8	16	static
C:/STM32_Projects/Modbus_requeest/BLE_p2pServer/Core/Src/stm32wb0x_it.c:75:6:NMI_Handler	8	static
C:/STM32_Projects/Modbus_requeest/BLE_p2pServer/Core/Src/stm32wb0x_it.c:90:6:HardFault_Handler	8	static
C:/STM32_Projects/Modbus_requeest/BLE_p2pServer/Core/Src/stm32wb0x_it.c:105:6:SVC_Handler	8	static
C:/STM32_Projects/Modbus_requeest/BLE_p2pServer/Core/Src/stm32wb0x_it.c:118:6:PendSV_Handler	8	static
C:/STM32_Projects/Modbus_requeest/BLE_p2pServer/Core/Src/stm32wb0x_it.c:131:6:SysTick_Handler	8	static
C:/STM32_Projects/Modbus_requeest/BLE_p2pServer/Core/Src/stm32wb0x_it.c:152:6:USART1_IRQHandler	16	static
C:/STM32_Projects/Modbus_requeest/BLE_p2pServer/Core/Src/stm32wb0x_it.c:174:6:LPUART1_IRQHandler	8	static
C:/STM32_Projects/Modbus_requeest/BLE_p2pServer/Core/Src/stm32wb0x_it.c:188:6:PKA_IRQHandler	8	static
C:/STM32_Projects/Modbus_requeest/BLE_p2pServer/Core/Src/stm32wb0x_it.c:202:6:RADIO_TIMER_CPU_WKUP_IRQHandler	8	static
C:/STM32_Projects/Modbus_requeest/BLE_p2pServer/Core/Src/stm32wb0x_it.c:216:6:RADIO_TIMER_ERROR_IRQHandler	8	static
C:/STM32_Projects/Modbus_requeest/BLE_p2pServer/Core/Src/stm32wb0x_it.c:230:6:RADIO_TXRX_IRQHandler	8	static
C:/STM32_Projects/Modbus_requeest/BLE_p2pServer/Core/Src/stm32wb0x_it.c:244:6:RADIO_TXRX_SEQ_IRQHandler	8	static
C:/STM32_Projects/Modbus_requeest/BLE_p2pServer/Core/Src/stm32wb0x_it.c:256:6:GPIOA_IRQHandler	8	static
C:/STM32_Projects/Modbus_requeest/BLE_p2pServer/Core/Src/stm32wb0x_it.c:261:6:GPIOB_IRQHandler	8	static
