../../Drivers/STM32WB0x_HAL_Driver/Inc/stm32wb0x_ll_bus.h:229:22:LL_AHB1_GRP1_EnableClock	24	static
../../Drivers/STM32WB0x_HAL_Driver/Inc/stm32wb0x_ll_bus.h:279:22:LL_AHB1_GRP1_DisableClock	16	static
../../Drivers/STM32WB0x_HAL_Driver/Inc/stm32wb0x_ll_bus.h:358:22:LL_APB0_GRP1_EnableClock	24	static
../../Drivers/STM32WB0x_HAL_Driver/Inc/stm32wb0x_ll_bus.h:504:22:LL_APB1_GRP1_EnableClock	24	static
../../Drivers/STM32WB0x_HAL_Driver/Inc/stm32wb0x_ll_bus.h:566:22:LL_APB1_GRP1_DisableClock	16	static
../../Drivers/STM32WB0x_HAL_Driver/Inc/stm32wb0x_ll_bus.h:642:22:LL_APB2_GRP1_EnableClock	24	static
../../Drivers/STM32WB0x_HAL_Driver/Inc/stm32wb0x_ll_bus.h:659:26:LL_APB2_GRP1_IsEnabledClock	16	static
../../Drivers/STM32WB0x_HAL_Driver/Inc/stm32wb0x_ll_bus.h:672:22:LL_APB2_GRP1_DisableClock	16	static
../../Drivers/STM32WB0x_HAL_Driver/Inc/stm32wb0x_ll_bus.h:685:22:LL_APB2_GRP1_ForceReset	16	static
../../Drivers/STM32WB0x_HAL_Driver/Inc/stm32wb0x_ll_bus.h:698:22:LL_APB2_GRP1_ReleaseReset	16	static
C:/STM32_Projects/Modbus_requeest/BLE_p2pServer/Core/Src/stm32wb0x_hal_msp.c:63:6:HAL_MspInit	8	static
C:/STM32_Projects/Modbus_requeest/BLE_p2pServer/Core/Src/stm32wb0x_hal_msp.c:86:6:HAL_UART_MspInit	72	static
C:/STM32_Projects/Modbus_requeest/BLE_p2pServer/Core/Src/stm32wb0x_hal_msp.c:191:6:HAL_UART_MspDeInit	16	static
C:/STM32_Projects/Modbus_requeest/BLE_p2pServer/Core/Src/stm32wb0x_hal_msp.c:244:6:HAL_PKA_MspInit	16	static
C:/STM32_Projects/Modbus_requeest/BLE_p2pServer/Core/Src/stm32wb0x_hal_msp.c:270:6:HAL_PKA_MspDeInit	16	static
C:/STM32_Projects/Modbus_requeest/BLE_p2pServer/Core/Src/stm32wb0x_hal_msp.c:295:6:HAL_RADIO_MspInit	48	static
C:/STM32_Projects/Modbus_requeest/BLE_p2pServer/Core/Src/stm32wb0x_hal_msp.c:348:6:HAL_RADIO_MspDeInit	16	static
C:/STM32_Projects/Modbus_requeest/BLE_p2pServer/Core/Src/stm32wb0x_hal_msp.c:377:13:lowPowerIOSetup	8	static
